13:59:21.113 [TestNG-tests-1] INFO  testCases.TC002_LoginTest - ***** Starting TC002_LoginTest *****
13:59:23.749 [TestNG-tests-1] INFO  testCases.TC002_LoginTest - ***** Finished TC002_LoginTest *****
13:59:24.104 [TestNG-tests-2] INFO  testCases.TC002_LoginTest - ***** Finished TC002_LoginTest *****
13:59:26.327 [TestNG-tests-3] INFO  testCases.TC002_LoginTest - ***** Starting TC002_LoginTest *****
13:59:28.352 [TestNG-tests-3] INFO  testCases.TC002_LoginTest - ***** Finished TC002_LoginTest *****
14:00:46.505 [main] DEBUG org.testng.TestNG - suiteXmlPath: "C:\Automation\MyWorkSpaces\SeleniumWebDriver\opencartTN\crossbrowsertesting.xml"
14:00:46.739 [main] INFO  org.testng.internal.Utils - [TestNG] Running:
  C:\Automation\MyWorkSpaces\SeleniumWebDriver\opencartTN\crossbrowsertesting.xml

14:00:47.071 [TestNG-tests-3] INFO  testCases.TC002_LoginTest - ***** Starting TC002_LoginTest *****
14:01:28.214 [main] DEBUG org.testng.TestNG - suiteXmlPath: "C:\Automation\MyWorkSpaces\SeleniumWebDriver\opencartTN\crossbrowsertesting.xml"
14:01:28.451 [main] INFO  org.testng.internal.Utils - [TestNG] Running:
  C:\Automation\MyWorkSpaces\SeleniumWebDriver\opencartTN\crossbrowsertesting.xml

14:01:34.444 [TestNG-tests-2] INFO  testCases.TC002_LoginTest - ***** Starting TC002_LoginTest *****
14:01:34.444 [TestNG-tests-1] INFO  testCases.TC002_LoginTest - ***** Starting TC002_LoginTest *****
14:01:38.373 [TestNG-tests-2] INFO  testCases.TC002_LoginTest - ***** Finished TC002_LoginTest *****
14:01:38.434 [TestNG-tests-1] INFO  testCases.TC002_LoginTest - ***** Finished TC002_LoginTest *****
14:01:41.510 [TestNG-tests-3] INFO  testCases.TC002_LoginTest - ***** Starting TC002_LoginTest *****
14:01:43.380 [TestNG-tests-3] INFO  testCases.TC002_LoginTest - ***** Finished TC002_LoginTest *****
14:02:50.255 [main] DEBUG org.testng.TestNG - suiteXmlPath: "C:\Automation\MyWorkSpaces\SeleniumWebDriver\opencartTN\crossbrowsertesting.xml"
14:02:50.485 [main] INFO  org.testng.internal.Utils - [TestNG] Running:
  C:\Automation\MyWorkSpaces\SeleniumWebDriver\opencartTN\crossbrowsertesting.xml

14:02:56.936 [TestNG-tests-2] INFO  testCases.TC002_LoginTest - ***** Starting TC002_LoginTest *****
14:02:57.078 [TestNG-tests-1] INFO  testCases.TC002_LoginTest - ***** Starting TC002_LoginTest *****
14:03:01.320 [TestNG-tests-3] INFO  testCases.TC002_LoginTest - ***** Starting TC002_LoginTest *****
14:03:01.498 [TestNG-tests-2] INFO  testCases.TC002_LoginTest - ***** Finished TC002_LoginTest *****
14:03:02.759 [TestNG-tests-1] INFO  testCases.TC002_LoginTest - ***** Finished TC002_LoginTest *****
14:03:05.466 [TestNG-tests-3] INFO  testCases.TC002_LoginTest - ***** Finished TC002_LoginTest *****
14:05:20.459 [main] DEBUG org.testng.TestNG - suiteXmlPath: "C:\Automation\MyWorkSpaces\SeleniumWebDriver\opencartTN\crossbrowsertesting.xml"
14:05:20.683 [main] INFO  org.testng.internal.Utils - [TestNG] Running:
  C:\Automation\MyWorkSpaces\SeleniumWebDriver\opencartTN\crossbrowsertesting.xml

14:05:24.614 [TestNG-tests-2] INFO  testCases.TC002_LoginTest - ***** Starting TC002_LoginTest *****
14:05:25.795 [TestNG-tests-1] INFO  testCases.TC002_LoginTest - ***** Starting TC002_LoginTest *****
14:05:32.199 [TestNG-tests-3] INFO  testCases.TC002_LoginTest - ***** Starting TC002_LoginTest *****
14:06:58.813 [main] DEBUG org.testng.TestNG - suiteXmlPath: "C:\Automation\MyWorkSpaces\SeleniumWebDriver\opencartTN\crossbrowsertesting.xml"
14:06:59.059 [main] INFO  org.testng.internal.Utils - [TestNG] Running:
  C:\Automation\MyWorkSpaces\SeleniumWebDriver\opencartTN\crossbrowsertesting.xml

14:07:03.855 [TestNG-tests-1] INFO  testCases.TC002_LoginTest - ***** Starting TC002_LoginTest *****
14:07:04.042 [TestNG-tests-2] INFO  testCases.TC002_LoginTest - ***** Starting TC002_LoginTest *****
14:07:08.996 [TestNG-tests-2] INFO  testCases.TC002_LoginTest - ***** Finished TC002_LoginTest *****
14:07:09.038 [TestNG-tests-1] INFO  testCases.TC002_LoginTest - ***** Finished TC002_LoginTest *****
14:07:11.659 [TestNG-tests-3] INFO  testCases.TC002_LoginTest - ***** Starting TC002_LoginTest *****
14:07:13.488 [TestNG-tests-3] INFO  testCases.TC002_LoginTest - ***** Finished TC002_LoginTest *****
14:07:56.168 [main] DEBUG org.testng.TestNG - suiteXmlPath: "C:\Automation\MyWorkSpaces\SeleniumWebDriver\opencartTN\crossbrowsertesting.xml"
14:07:56.394 [main] INFO  org.testng.internal.Utils - [TestNG] Running:
  C:\Automation\MyWorkSpaces\SeleniumWebDriver\opencartTN\crossbrowsertesting.xml

14:08:00.636 [TestNG-tests-2] INFO  testCases.TC002_LoginTest - ***** Starting TC002_LoginTest *****
14:08:01.324 [TestNG-tests-1] INFO  testCases.TC002_LoginTest - ***** Starting TC002_LoginTest *****
14:08:09.546 [TestNG-tests-3] INFO  testCases.TC002_LoginTest - ***** Starting TC002_LoginTest *****
14:16:24.854 [main] DEBUG org.testng.TestNG - suiteXmlPath: "C:\Automation\MyWorkSpaces\SeleniumWebDriver\opencartTN\crossbrowsertesting.xml"
14:16:25.084 [main] INFO  org.testng.internal.Utils - [TestNG] Running:
  C:\Automation\MyWorkSpaces\SeleniumWebDriver\opencartTN\crossbrowsertesting.xml

