07:20:45.278 [main] INFO  testCases.TC001_AccountRegistrationTest - Providing Customer Details...
07:20:48.531 [main] INFO  testCases.TC001_AccountRegistrationTest - Validating Expected Message...
07:20:48.599 [main] INFO  testCases.TC001_AccountRegistrationTest - Test passed...
07:20:48.599 [main] INFO  testCases.TC001_AccountRegistrationTest - ***** Finished TC001_AccountRegistrationTest *****
07:20:51.099 [main] INFO  testCases.TC002_LoginTest - ***** Starting TC002_LoginTest *****
07:20:54.374 [main] INFO  testCases.TC002_LoginTest - ***** Finished TC002_LoginTest *****
07:21:48.308 [main] DEBUG org.testng.TestNG - suiteXmlPath: "C:\Automation\MyWorkSpaces\SeleniumWebDriver\opencartTN\master.xml"
07:21:48.650 [main] INFO  org.testng.internal.Utils - [TestNG] Running:
  C:\Automation\MyWorkSpaces\SeleniumWebDriver\opencartTN\master.xml

07:21:52.317 [main] INFO  testCases.TC001_AccountRegistrationTest - ***** Starting TC001_AccountRegistrationTest *****
07:21:52.519 [main] INFO  testCases.TC001_AccountRegistrationTest - Clicked on My Account link...
07:21:53.026 [main] INFO  testCases.TC001_AccountRegistrationTest - Clicked on Register link...
07:21:53.029 [main] INFO  testCases.TC001_AccountRegistrationTest - Providing Customer Details...
07:21:55.611 [main] INFO  testCases.TC001_AccountRegistrationTest - Validating Expected Message...
07:21:55.674 [main] INFO  testCases.TC001_AccountRegistrationTest - Test passed...
07:21:55.674 [main] INFO  testCases.TC001_AccountRegistrationTest - ***** Finished TC001_AccountRegistrationTest *****
07:21:58.125 [main] INFO  testCases.TC002_LoginTest - ***** Starting TC002_LoginTest *****
07:21:59.998 [main] INFO  testCases.TC002_LoginTest - ***** Finished TC002_LoginTest *****
07:23:33.022 [main] DEBUG org.testng.TestNG - suiteXmlPath: "C:\Automation\MyWorkSpaces\SeleniumWebDriver\opencartTN\crossbrowsertesting.xml"
07:23:33.374 [main] INFO  org.testng.internal.Utils - [TestNG] Running:
  C:\Automation\MyWorkSpaces\SeleniumWebDriver\opencartTN\crossbrowsertesting.xml

07:23:33.737 [TestNG-tests-3] INFO  testCases.TC001_AccountRegistrationTest - ***** Starting TC001_AccountRegistrationTest *****
07:23:37.153 [TestNG-tests-1] INFO  testCases.TC001_AccountRegistrationTest - ***** Starting TC001_AccountRegistrationTest *****
07:23:37.497 [TestNG-tests-1] INFO  testCases.TC001_AccountRegistrationTest - Clicked on My Account link...
07:23:38.089 [TestNG-tests-1] INFO  testCases.TC001_AccountRegistrationTest - Clicked on Register link...
07:23:38.092 [TestNG-tests-1] INFO  testCases.TC001_AccountRegistrationTest - Providing Customer Details...
07:23:48.565 [TestNG-tests-2] INFO  testCases.TC001_AccountRegistrationTest - ***** Starting TC001_AccountRegistrationTest *****
07:23:49.174 [TestNG-tests-2] INFO  testCases.TC001_AccountRegistrationTest - Clicked on My Account link...
07:26:20.609 [main] DEBUG org.testng.TestNG - suiteXmlPath: "C:\Automation\MyWorkSpaces\SeleniumWebDriver\opencartTN\crossbrowsertesting.xml"
07:26:20.921 [main] INFO  org.testng.internal.Utils - [TestNG] Running:
  C:\Automation\MyWorkSpaces\SeleniumWebDriver\opencartTN\crossbrowsertesting.xml

07:26:21.273 [TestNG-tests-3] INFO  testCases.TC001_AccountRegistrationTest - ***** Starting TC001_AccountRegistrationTest *****
07:26:24.241 [TestNG-tests-1] INFO  testCases.TC001_AccountRegistrationTest - ***** Starting TC001_AccountRegistrationTest *****
07:26:24.375 [TestNG-tests-1] INFO  testCases.TC001_AccountRegistrationTest - Clicked on My Account link...
07:26:24.940 [TestNG-tests-1] INFO  testCases.TC001_AccountRegistrationTest - Clicked on Register link...
07:26:24.945 [TestNG-tests-1] INFO  testCases.TC001_AccountRegistrationTest - Providing Customer Details...
07:26:28.085 [TestNG-tests-1] INFO  testCases.TC001_AccountRegistrationTest - Validating Expected Message...
07:26:28.183 [TestNG-tests-1] INFO  testCases.TC001_AccountRegistrationTest - Test passed...
07:26:28.183 [TestNG-tests-1] INFO  testCases.TC001_AccountRegistrationTest - ***** Finished TC001_AccountRegistrationTest *****
07:27:10.338 [main] DEBUG org.testng.TestNG - suiteXmlPath: "C:\Automation\MyWorkSpaces\SeleniumWebDriver\opencartTN\crossbrowsertesting.xml"
07:27:10.628 [main] INFO  org.testng.internal.Utils - [TestNG] Running:
  C:\Automation\MyWorkSpaces\SeleniumWebDriver\opencartTN\crossbrowsertesting.xml

07:27:10.892 [TestNG-tests-3] INFO  testCases.TC001_AccountRegistrationTest - ***** Starting TC001_AccountRegistrationTest *****
07:27:14.659 [TestNG-tests-2] INFO  testCases.TC001_AccountRegistrationTest - ***** Starting TC001_AccountRegistrationTest *****
07:27:14.661 [TestNG-tests-1] INFO  testCases.TC001_AccountRegistrationTest - ***** Starting TC001_AccountRegistrationTest *****
07:27:14.798 [TestNG-tests-2] INFO  testCases.TC001_AccountRegistrationTest - Clicked on My Account link...
07:27:14.879 [TestNG-tests-1] INFO  testCases.TC001_AccountRegistrationTest - Clicked on My Account link...
