07:37:01.027 [TestNG-tests-3] INFO  testCases.TC001_AccountRegistrationTest - ***** Starting TC001_AccountRegistrationTest *****
07:37:01.148 [TestNG-tests-3] INFO  testCases.TC001_AccountRegistrationTest - Clicked on My Account link...
07:37:01.724 [TestNG-tests-3] INFO  testCases.TC001_AccountRegistrationTest - Clicked on Register link...
07:37:01.726 [TestNG-tests-3] INFO  testCases.TC001_AccountRegistrationTest - Providing Customer Details...
07:37:05.062 [TestNG-tests-3] INFO  testCases.TC001_AccountRegistrationTest - Validating Expected Message...
07:37:05.105 [TestNG-tests-3] INFO  testCases.TC001_AccountRegistrationTest - Test passed...
07:37:05.105 [TestNG-tests-3] INFO  testCases.TC001_AccountRegistrationTest - ***** Finished TC001_AccountRegistrationTest *****
07:39:16.169 [main] DEBUG org.testng.TestNG - suiteXmlPath: "C:\Automation\MyWorkSpaces\SeleniumWebDriver\opencartTN\crossbrowsertesting.xml"
07:39:16.470 [main] INFO  org.testng.internal.Utils - [TestNG] Running:
  C:\Automation\MyWorkSpaces\SeleniumWebDriver\opencartTN\crossbrowsertesting.xml

07:39:21.640 [TestNG-tests-2] INFO  testCases.TC001_AccountRegistrationTest - ***** Starting TC001_AccountRegistrationTest *****
07:39:21.640 [TestNG-tests-1] INFO  testCases.TC001_AccountRegistrationTest - ***** Starting TC001_AccountRegistrationTest *****
07:39:22.027 [TestNG-tests-1] INFO  testCases.TC001_AccountRegistrationTest - Clicked on My Account link...
07:39:22.139 [TestNG-tests-2] INFO  testCases.TC001_AccountRegistrationTest - Clicked on My Account link...
07:39:25.449 [TestNG-tests-3] INFO  testCases.TC001_AccountRegistrationTest - ***** Starting TC001_AccountRegistrationTest *****
07:39:25.601 [TestNG-tests-3] INFO  testCases.TC001_AccountRegistrationTest - Clicked on My Account link...
07:39:26.362 [TestNG-tests-3] INFO  testCases.TC001_AccountRegistrationTest - Clicked on Register link...
07:39:26.373 [TestNG-tests-3] INFO  testCases.TC001_AccountRegistrationTest - Providing Customer Details...
07:39:29.388 [TestNG-tests-3] INFO  testCases.TC001_AccountRegistrationTest - Validating Expected Message...
07:39:29.434 [TestNG-tests-3] INFO  testCases.TC001_AccountRegistrationTest - Test passed...
07:39:29.434 [TestNG-tests-3] INFO  testCases.TC001_AccountRegistrationTest - ***** Finished TC001_AccountRegistrationTest *****
07:45:31.635 [main] DEBUG org.testng.TestNG - suiteXmlPath: "C:\Automation\MyWorkSpaces\SeleniumWebDriver\opencartTN\crossbrowsertesting.xml"
07:45:31.996 [main] INFO  org.testng.internal.Utils - [TestNG] Running:
  C:\Automation\MyWorkSpaces\SeleniumWebDriver\opencartTN\crossbrowsertesting.xml

07:45:35.274 [TestNG-tests-2] INFO  testCases.TC001_AccountRegistrationTest - ***** Starting TC001_AccountRegistrationTest *****
07:45:35.462 [TestNG-tests-2] INFO  testCases.TC001_AccountRegistrationTest - Clicked on My Account link...
07:45:35.963 [TestNG-tests-2] INFO  testCases.TC001_AccountRegistrationTest - Clicked on Register link...
07:45:35.970 [TestNG-tests-2] INFO  testCases.TC001_AccountRegistrationTest - Providing Customer Details...
07:45:41.360 [TestNG-tests-3] INFO  testCases.TC001_AccountRegistrationTest - ***** Starting TC001_AccountRegistrationTest *****
07:45:41.497 [TestNG-tests-3] INFO  testCases.TC001_AccountRegistrationTest - Clicked on My Account link...
07:45:42.069 [TestNG-tests-3] INFO  testCases.TC001_AccountRegistrationTest - Clicked on Register link...
07:45:42.071 [TestNG-tests-3] INFO  testCases.TC001_AccountRegistrationTest - Providing Customer Details...
07:45:45.230 [TestNG-tests-3] INFO  testCases.TC001_AccountRegistrationTest - Validating Expected Message...
07:45:45.276 [TestNG-tests-3] INFO  testCases.TC001_AccountRegistrationTest - Test passed...
07:45:45.276 [TestNG-tests-3] INFO  testCases.TC001_AccountRegistrationTest - ***** Finished TC001_AccountRegistrationTest *****
07:45:46.930 [TestNG-tests-1] INFO  testCases.TC001_AccountRegistrationTest - ***** Starting TC001_AccountRegistrationTest *****
07:46:46.742 [main] DEBUG org.testng.TestNG - suiteXmlPath: "C:\Automation\MyWorkSpaces\SeleniumWebDriver\opencartTN\crossbrowsertesting.xml"
07:46:47.066 [main] INFO  org.testng.internal.Utils - [TestNG] Running:
  C:\Automation\MyWorkSpaces\SeleniumWebDriver\opencartTN\crossbrowsertesting.xml

07:46:50.979 [TestNG-tests-2] INFO  testCases.TC001_AccountRegistrationTest - ***** Starting TC001_AccountRegistrationTest *****
07:46:51.243 [TestNG-tests-1] INFO  testCases.TC001_AccountRegistrationTest - ***** Starting TC001_AccountRegistrationTest *****
07:46:51.337 [TestNG-tests-2] INFO  testCases.TC001_AccountRegistrationTest - Clicked on My Account link...
07:46:51.575 [TestNG-tests-1] INFO  testCases.TC001_AccountRegistrationTest - Clicked on My Account link...
07:46:56.638 [TestNG-tests-3] INFO  testCases.TC001_AccountRegistrationTest - ***** Starting TC001_AccountRegistrationTest *****
07:46:56.755 [TestNG-tests-3] INFO  testCases.TC001_AccountRegistrationTest - Clicked on My Account link...
