10:31:28.766 [TestNG-tests-1] INFO  testCases.TC002_LoginTest - ***** Starting TC002_LoginTest *****
10:31:31.558 [TestNG-tests-3] INFO  testCases.TC002_LoginTest - ***** Starting TC002_LoginTest *****
10:31:36.192 [TestNG-tests-2] INFO  testCases.TC002_LoginTest - ***** Starting TC002_LoginTest *****
10:31:38.447 [TestNG-tests-2] INFO  testCases.TC002_LoginTest - ***** Finished TC002_LoginTest *****
10:33:47.379 [main] DEBUG org.testng.TestNG - suiteXmlPath: "C:\Automation\MyWorkSpaces\SeleniumWebDriver\opencartTN\crossbrowsertesting.xml"
10:33:47.594 [main] INFO  org.testng.internal.Utils - [TestNG] Running:
  C:\Automation\MyWorkSpaces\SeleniumWebDriver\opencartTN\crossbrowsertesting.xml

10:33:51.089 [TestNG-tests-2] INFO  testCases.TC002_LoginTest - ***** Starting TC002_LoginTest *****
10:33:51.090 [TestNG-tests-1] INFO  testCases.TC002_LoginTest - ***** Starting TC002_LoginTest *****
10:33:55.414 [TestNG-tests-3] INFO  testCases.TC002_LoginTest - ***** Starting TC002_LoginTest *****
10:33:57.873 [TestNG-tests-3] INFO  testCases.TC002_LoginTest - ***** Finished TC002_LoginTest *****
10:40:54.559 [main] DEBUG org.testng.TestNG - suiteXmlPath: "C:\Automation\MyWorkSpaces\SeleniumWebDriver\opencartTN\crossbrowsertesting.xml"
10:40:54.785 [main] INFO  org.testng.internal.Utils - [TestNG] Running:
  C:\Automation\MyWorkSpaces\SeleniumWebDriver\opencartTN\crossbrowsertesting.xml

10:40:58.900 [TestNG-tests-1] INFO  testCases.TC002_LoginTest - ***** Starting TC002_LoginTest *****
10:40:58.902 [TestNG-tests-2] INFO  testCases.TC002_LoginTest - ***** Starting TC002_LoginTest *****
10:41:02.635 [TestNG-tests-3] INFO  testCases.TC002_LoginTest - ***** Starting TC002_LoginTest *****
10:41:04.962 [TestNG-tests-3] INFO  testCases.TC002_LoginTest - ***** Finished TC002_LoginTest *****
12:05:57.769 [main] DEBUG org.testng.TestNG - suiteXmlPath: "C:\Automation\MyWorkSpaces\SeleniumWebDriver\opencartTN\crossbrowsertesting.xml"
12:05:58.015 [main] INFO  org.testng.internal.Utils - [TestNG] Running:
  C:\Automation\MyWorkSpaces\SeleniumWebDriver\opencartTN\crossbrowsertesting.xml

12:06:02.977 [TestNG-tests-1] INFO  testCases.TC002_LoginTest - ***** Starting TC002_LoginTest *****
12:06:02.977 [TestNG-tests-2] INFO  testCases.TC002_LoginTest - ***** Starting TC002_LoginTest *****
12:06:07.235 [TestNG-tests-3] INFO  testCases.TC002_LoginTest - ***** Starting TC002_LoginTest *****
12:06:09.098 [TestNG-tests-3] INFO  testCases.TC002_LoginTest - ***** Finished TC002_LoginTest *****
12:09:53.894 [main] DEBUG org.testng.TestNG - suiteXmlPath: "C:\Automation\MyWorkSpaces\SeleniumWebDriver\opencartTN\crossbrowsertesting.xml"
12:09:54.115 [main] INFO  org.testng.internal.Utils - [TestNG] Running:
  C:\Automation\MyWorkSpaces\SeleniumWebDriver\opencartTN\crossbrowsertesting.xml

12:09:59.002 [TestNG-tests-2] INFO  testCases.TC002_LoginTest - ***** Starting TC002_LoginTest *****
12:09:59.002 [TestNG-tests-1] INFO  testCases.TC002_LoginTest - ***** Starting TC002_LoginTest *****
12:10:01.868 [TestNG-tests-3] INFO  testCases.TC002_LoginTest - ***** Starting TC002_LoginTest *****
12:10:06.646 [TestNG-tests-3] INFO  testCases.TC002_LoginTest - ***** Finished TC002_LoginTest *****
12:15:58.325 [main] DEBUG org.testng.TestNG - suiteXmlPath: "C:\Automation\MyWorkSpaces\SeleniumWebDriver\opencartTN\crossbrowsertesting.xml"
12:15:58.548 [main] INFO  org.testng.internal.Utils - [TestNG] Running:
  C:\Automation\MyWorkSpaces\SeleniumWebDriver\opencartTN\crossbrowsertesting.xml

12:16:15.999 [main] DEBUG org.testng.TestNG - suiteXmlPath: "C:\Automation\MyWorkSpaces\SeleniumWebDriver\opencartTN\crossbrowsertesting.xml"
12:16:16.224 [main] INFO  org.testng.internal.Utils - [TestNG] Running:
  C:\Automation\MyWorkSpaces\SeleniumWebDriver\opencartTN\crossbrowsertesting.xml

13:32:16.263 [main] DEBUG org.testng.TestNG - suiteXmlPath: "C:\Automation\MyWorkSpaces\SeleniumWebDriver\opencartTN\crossbrowsertesting.xml"
13:32:16.481 [main] INFO  org.testng.internal.Utils - [TestNG] Running:
  C:\Automation\MyWorkSpaces\SeleniumWebDriver\opencartTN\crossbrowsertesting.xml

13:33:00.158 [main] DEBUG org.testng.TestNG - suiteXmlPath: "C:\Automation\MyWorkSpaces\SeleniumWebDriver\opencartTN\crossbrowsertesting.xml"
13:33:00.380 [main] INFO  org.testng.internal.Utils - [TestNG] Running:
  C:\Automation\MyWorkSpaces\SeleniumWebDriver\opencartTN\crossbrowsertesting.xml

13:35:40.160 [main] DEBUG org.testng.TestNG - suiteXmlPath: "C:\Automation\MyWorkSpaces\SeleniumWebDriver\opencartTN\crossbrowsertesting.xml"
13:35:40.395 [main] INFO  org.testng.internal.Utils - [TestNG] Running:
  C:\Automation\MyWorkSpaces\SeleniumWebDriver\opencartTN\crossbrowsertesting.xml

13:37:06.123 [main] DEBUG org.testng.TestNG - suiteXmlPath: "C:\Automation\MyWorkSpaces\SeleniumWebDriver\opencartTN\crossbrowsertesting.xml"
13:37:06.347 [main] INFO  org.testng.internal.Utils - [TestNG] Running:
  C:\Automation\MyWorkSpaces\SeleniumWebDriver\opencartTN\crossbrowsertesting.xml

