06:53:12.099 [main] INFO  org.testng.internal.Utils - [TestNG] Time taken by org.testng.reporters.XMLReporter@1bbae752: 13 ms
06:53:12.115 [main] INFO  org.testng.internal.Utils - [TestNG] Time taken by org.testng.reporters.EmailableReporter2@629f066f: 6 ms
06:53:12.124 [main] INFO  org.testng.internal.Utils - [TestNG] Time taken by org.testng.reporters.JUnitReportReporter@65004ff6: 9 ms
06:53:12.124 [main] INFO  org.testng.internal.Utils - [TestNG] Time taken by org.testng.internal.ExitCodeListener@4cafa9aa: 0 ms
07:11:29.465 [main] DEBUG org.testng.TestNG - suiteXmlPath: "C:\Automation\MyWorkSpaces\SeleniumWebDriver\opencartTN\master.xml"
07:11:29.813 [main] INFO  org.testng.internal.Utils - [TestNG] Running:
  C:\Automation\MyWorkSpaces\SeleniumWebDriver\opencartTN\master.xml

07:11:33.688 [main] INFO  testCases.TC001_AccountRegistrationTest - ***** Starting TC001_AccountRegistrationTest *****
07:11:33.893 [main] INFO  testCases.TC001_AccountRegistrationTest - Clicked on My Account link...
07:11:34.611 [main] INFO  testCases.TC001_AccountRegistrationTest - Clicked on Register link...
07:11:34.615 [main] INFO  testCases.TC001_AccountRegistrationTest - Providing Customer Details...
07:11:38.134 [main] INFO  testCases.TC001_AccountRegistrationTest - Validating Expected Message...
07:11:38.194 [main] INFO  testCases.TC001_AccountRegistrationTest - Test passed...
07:11:38.194 [main] INFO  testCases.TC001_AccountRegistrationTest - ***** Finished TC001_AccountRegistrationTest *****
07:18:12.317 [main] DEBUG org.testng.TestNG - suiteXmlPath: "C:\Automation\MyWorkSpaces\SeleniumWebDriver\opencartTN\crossbrowsertesting.xml"
07:18:12.702 [main] INFO  org.testng.internal.Utils - [TestNG] Running:
  C:\Automation\MyWorkSpaces\SeleniumWebDriver\opencartTN\crossbrowsertesting.xml

07:18:15.946 [main] INFO  testCases.TC001_AccountRegistrationTest - ***** Starting TC001_AccountRegistrationTest *****
07:18:16.103 [main] INFO  testCases.TC001_AccountRegistrationTest - Clicked on My Account link...
07:18:16.802 [main] INFO  testCases.TC001_AccountRegistrationTest - Clicked on Register link...
07:18:16.815 [main] INFO  testCases.TC001_AccountRegistrationTest - Providing Customer Details...
07:18:19.471 [main] INFO  testCases.TC001_AccountRegistrationTest - Validating Expected Message...
07:18:19.575 [main] INFO  testCases.TC001_AccountRegistrationTest - Test passed...
07:18:19.575 [main] INFO  testCases.TC001_AccountRegistrationTest - ***** Finished TC001_AccountRegistrationTest *****
07:18:22.735 [main] INFO  testCases.TC001_AccountRegistrationTest - ***** Starting TC001_AccountRegistrationTest *****
07:18:22.865 [main] INFO  testCases.TC001_AccountRegistrationTest - Clicked on My Account link...
07:18:23.491 [main] INFO  testCases.TC001_AccountRegistrationTest - Clicked on Register link...
07:18:23.491 [main] INFO  testCases.TC001_AccountRegistrationTest - Providing Customer Details...
07:18:25.941 [main] INFO  testCases.TC001_AccountRegistrationTest - Validating Expected Message...
07:18:26.027 [main] INFO  testCases.TC001_AccountRegistrationTest - Test passed...
07:18:26.029 [main] INFO  testCases.TC001_AccountRegistrationTest - ***** Finished TC001_AccountRegistrationTest *****
07:18:36.536 [main] INFO  testCases.TC001_AccountRegistrationTest - ***** Starting TC001_AccountRegistrationTest *****
07:18:36.692 [main] INFO  testCases.TC001_AccountRegistrationTest - Clicked on My Account link...
07:18:37.543 [main] INFO  testCases.TC001_AccountRegistrationTest - Clicked on Register link...
07:18:37.544 [main] INFO  testCases.TC001_AccountRegistrationTest - Providing Customer Details...
07:18:40.076 [main] INFO  testCases.TC001_AccountRegistrationTest - Validating Expected Message...
07:18:40.124 [main] INFO  testCases.TC001_AccountRegistrationTest - Test passed...
07:18:40.124 [main] INFO  testCases.TC001_AccountRegistrationTest - ***** Finished TC001_AccountRegistrationTest *****
07:19:31.295 [main] DEBUG org.testng.TestNG - suiteXmlPath: "C:\Automation\MyWorkSpaces\SeleniumWebDriver\opencartTN\crossbrowsertesting.xml"
07:19:31.653 [main] INFO  org.testng.internal.Utils - [TestNG] Running:
  C:\Automation\MyWorkSpaces\SeleniumWebDriver\opencartTN\crossbrowsertesting.xml

07:19:36.557 [TestNG-tests-1] INFO  testCases.TC001_AccountRegistrationTest - ***** Starting TC001_AccountRegistrationTest *****
07:19:36.571 [TestNG-tests-2] INFO  testCases.TC001_AccountRegistrationTest - ***** Starting TC001_AccountRegistrationTest *****
07:19:36.815 [TestNG-tests-2] INFO  testCases.TC001_AccountRegistrationTest - Clicked on My Account link...
07:19:36.841 [TestNG-tests-1] INFO  testCases.TC001_AccountRegistrationTest - Clicked on My Account link...
07:19:37.458 [TestNG-tests-1] INFO  testCases.TC001_AccountRegistrationTest - Clicked on Register link...
07:19:37.465 [TestNG-tests-1] INFO  testCases.TC001_AccountRegistrationTest - Providing Customer Details...
07:19:37.749 [TestNG-tests-2] INFO  testCases.TC001_AccountRegistrationTest - Clicked on Register link...
