07:50:32.942 [TestNG-tests-1] INFO  testCases.TC001_AccountRegistrationTest - Clicked on Register link...
07:50:32.966 [TestNG-tests-1] INFO  testCases.TC001_AccountRegistrationTest - Providing Customer Details...
07:50:35.829 [TestNG-tests-1] INFO  testCases.TC001_AccountRegistrationTest - Validating Expected Message...
07:50:35.960 [TestNG-tests-1] INFO  testCases.TC001_AccountRegistrationTest - Test passed...
07:50:35.960 [TestNG-tests-1] INFO  testCases.TC001_AccountRegistrationTest - ***** Finished TC001_AccountRegistrationTest *****
07:50:59.484 [main] DEBUG org.testng.TestNG - suiteXmlPath: "C:\Automation\MyWorkSpaces\SeleniumWebDriver\opencartTN\crossbrowsertesting.xml"
07:50:59.893 [main] INFO  org.testng.internal.Utils - [TestNG] Running:
  C:\Automation\MyWorkSpaces\SeleniumWebDriver\opencartTN\crossbrowsertesting.xml

07:51:04.808 [TestNG-tests-1] INFO  testCases.TC001_AccountRegistrationTest - ***** Starting TC001_AccountRegistrationTest *****
07:51:04.808 [TestNG-tests-2] INFO  testCases.TC001_AccountRegistrationTest - ***** Starting TC001_AccountRegistrationTest *****
07:51:04.963 [TestNG-tests-1] INFO  testCases.TC001_AccountRegistrationTest - Clicked on My Account link...
07:51:05.029 [TestNG-tests-2] INFO  testCases.TC001_AccountRegistrationTest - Clicked on My Account link...
07:55:32.802 [main] DEBUG org.testng.TestNG - suiteXmlPath: "C:\Automation\MyWorkSpaces\SeleniumWebDriver\opencartTN\crossbrowsertesting.xml"
07:55:33.145 [main] INFO  org.testng.internal.Utils - [TestNG] Running:
  C:\Automation\MyWorkSpaces\SeleniumWebDriver\opencartTN\crossbrowsertesting.xml

07:55:41.385 [TestNG-tests-1] INFO  testCases.TC001_AccountRegistrationTest - ***** Starting TC001_AccountRegistrationTest *****
10:23:41.469 [main] DEBUG org.testng.TestNG - suiteXmlPath: "C:\Automation\MyWorkSpaces\SeleniumWebDriver\opencartTN\crossbrowsertesting.xml"
10:23:41.753 [main] INFO  org.testng.internal.Utils - [TestNG] Running:
  C:\Automation\MyWorkSpaces\SeleniumWebDriver\opencartTN\crossbrowsertesting.xml

10:23:46.092 [TestNG-tests-2] INFO  testCases.TC001_AccountRegistrationTest - ***** Starting TC001_AccountRegistrationTest *****
10:23:47.158 [TestNG-tests-1] INFO  testCases.TC001_AccountRegistrationTest - ***** Starting TC001_AccountRegistrationTest *****
10:23:47.294 [TestNG-tests-2] INFO  testCases.TC001_AccountRegistrationTest - Clicked on My Account link...
10:23:47.730 [TestNG-tests-1] INFO  testCases.TC001_AccountRegistrationTest - Clicked on My Account link...
10:24:13.886 [TestNG-tests-3] INFO  testCases.TC001_AccountRegistrationTest - ***** Starting TC001_AccountRegistrationTest *****
10:28:57.136 [main] DEBUG org.testng.TestNG - suiteXmlPath: "C:\Automation\MyWorkSpaces\SeleniumWebDriver\opencartTN\grouping.xml"
10:28:57.426 [main] INFO  org.testng.internal.Utils - [TestNG] Running:
  C:\Automation\MyWorkSpaces\SeleniumWebDriver\opencartTN\grouping.xml

10:29:01.316 [main] INFO  testCases.TC001_AccountRegistrationTest - ***** Starting TC001_AccountRegistrationTest *****
10:29:01.415 [main] INFO  testCases.TC001_AccountRegistrationTest - Clicked on My Account link...
10:29:01.894 [main] INFO  testCases.TC001_AccountRegistrationTest - Clicked on Register link...
10:29:01.908 [main] INFO  testCases.TC001_AccountRegistrationTest - Providing Customer Details...
10:29:04.765 [main] INFO  testCases.TC001_AccountRegistrationTest - Validating Expected Message...
10:29:04.800 [main] INFO  testCases.TC001_AccountRegistrationTest - Test passed...
10:29:04.800 [main] INFO  testCases.TC001_AccountRegistrationTest - ***** Finished TC001_AccountRegistrationTest *****
10:29:06.842 [main] INFO  testCases.TC002_LoginTest - ***** Starting TC002_LoginTest *****
10:29:08.667 [main] INFO  testCases.TC002_LoginTest - ***** Finished TC002_LoginTest *****
10:29:49.200 [main] DEBUG org.testng.TestNG - suiteXmlPath: "C:\Automation\MyWorkSpaces\SeleniumWebDriver\opencartTN\grouping.xml"
10:29:49.417 [main] INFO  org.testng.internal.Utils - [TestNG] Running:
  C:\Automation\MyWorkSpaces\SeleniumWebDriver\opencartTN\grouping.xml

10:29:52.003 [main] INFO  testCases.TC001_AccountRegistrationTest - ***** Starting TC001_AccountRegistrationTest *****
10:29:52.113 [main] INFO  testCases.TC001_AccountRegistrationTest - Clicked on My Account link...
10:29:52.483 [main] INFO  testCases.TC001_AccountRegistrationTest - Clicked on Register link...
10:29:52.485 [main] INFO  testCases.TC001_AccountRegistrationTest - Providing Customer Details...
10:29:54.502 [main] INFO  testCases.TC001_AccountRegistrationTest - Validating Expected Message...
10:29:54.533 [main] INFO  testCases.TC001_AccountRegistrationTest - Test passed...
10:29:54.533 [main] INFO  testCases.TC001_AccountRegistrationTest - ***** Finished TC001_AccountRegistrationTest *****
10:31:23.521 [main] DEBUG org.testng.TestNG - suiteXmlPath: "C:\Automation\MyWorkSpaces\SeleniumWebDriver\opencartTN\crossbrowsertesting.xml"
10:31:23.783 [main] INFO  org.testng.internal.Utils - [TestNG] Running:
  C:\Automation\MyWorkSpaces\SeleniumWebDriver\opencartTN\crossbrowsertesting.xml

