21:57:51.288 [main] INFO  testCases.TC001_AccountRegistrationTest - Validating Expected Message...
21:57:51.363 [main] INFO  testCases.TC001_AccountRegistrationTest - Test passed...
21:57:51.363 [main] INFO  testCases.TC001_AccountRegistrationTest - ***** Finished TC001_AccountRegistrationTest *****
21:57:54.243 [main] INFO  testCases.TC002_LoginTest - ***** Starting TC002_LoginTest *****
21:57:56.633 [main] INFO  testCases.TC002_LoginTest - ***** Finished TC002_LoginTest *****
22:31:05.281 [main] INFO  testCases.TC001_AccountRegistrationTest - ***** Starting TC001_AccountRegistrationTest *****
22:31:05.481 [main] INFO  testCases.TC001_AccountRegistrationTest - Clicked on My Account link...
22:31:06.109 [main] INFO  testCases.TC001_AccountRegistrationTest - Clicked on Register link...
22:31:06.115 [main] INFO  testCases.TC001_AccountRegistrationTest - Providing Customer Details...
22:31:09.196 [main] INFO  testCases.TC001_AccountRegistrationTest - Validating Expected Message...
22:31:09.254 [main] INFO  testCases.TC001_AccountRegistrationTest - Test passed...
22:31:09.254 [main] INFO  testCases.TC001_AccountRegistrationTest - ***** Finished TC001_AccountRegistrationTest *****
22:31:12.307 [main] INFO  testCases.TC002_LoginTest - ***** Starting TC002_LoginTest *****
22:31:14.587 [main] INFO  testCases.TC002_LoginTest - ***** Finished TC002_LoginTest *****
06:13:29.618 [main] INFO  testCases.TC001_AccountRegistrationTest - ***** Starting TC001_AccountRegistrationTest *****
06:13:29.784 [main] INFO  testCases.TC001_AccountRegistrationTest - Clicked on My Account link...
06:13:30.328 [main] INFO  testCases.TC001_AccountRegistrationTest - Clicked on Register link...
06:13:30.333 [main] INFO  testCases.TC001_AccountRegistrationTest - Providing Customer Details...
06:13:33.767 [main] INFO  testCases.TC001_AccountRegistrationTest - Validating Expected Message...
06:13:33.828 [main] INFO  testCases.TC001_AccountRegistrationTest - Test passed...
06:13:33.832 [main] INFO  testCases.TC001_AccountRegistrationTest - ***** Finished TC001_AccountRegistrationTest *****
06:13:36.597 [main] INFO  testCases.TC002_LoginTest - ***** Starting TC002_LoginTest *****
06:13:39.418 [main] INFO  testCases.TC002_LoginTest - ***** Finished TC002_LoginTest *****
06:24:05.812 [main] INFO  testCases.TC001_AccountRegistrationTest - ***** Starting TC001_AccountRegistrationTest *****
06:24:05.976 [main] INFO  testCases.TC001_AccountRegistrationTest - Clicked on My Account link...
06:24:06.550 [main] INFO  testCases.TC001_AccountRegistrationTest - Clicked on Register link...
06:24:06.554 [main] INFO  testCases.TC001_AccountRegistrationTest - Providing Customer Details...
06:24:10.360 [main] INFO  testCases.TC001_AccountRegistrationTest - Validating Expected Message...
06:24:10.410 [main] INFO  testCases.TC001_AccountRegistrationTest - Test passed...
06:24:10.410 [main] INFO  testCases.TC001_AccountRegistrationTest - ***** Finished TC001_AccountRegistrationTest *****
06:24:13.322 [main] INFO  testCases.TC002_LoginTest - ***** Starting TC002_LoginTest *****
06:24:15.513 [main] INFO  testCases.TC002_LoginTest - ***** Finished TC002_LoginTest *****
