07:46:57.304 [TestNG-tests-3] INFO  testCases.TC001_AccountRegistrationTest - Clicked on Register link...
07:46:57.322 [TestNG-tests-3] INFO  testCases.TC001_AccountRegistrationTest - Providing Customer Details...
07:46:59.204 [TestNG-tests-3] INFO  testCases.TC001_AccountRegistrationTest - Validating Expected Message...
07:46:59.259 [TestNG-tests-3] INFO  testCases.TC001_AccountRegistrationTest - Test passed...
07:46:59.259 [TestNG-tests-3] INFO  testCases.TC001_AccountRegistrationTest - ***** Finished TC001_AccountRegistrationTest *****
07:47:56.117 [main] DEBUG org.testng.TestNG - suiteXmlPath: "C:\Automation\MyWorkSpaces\SeleniumWebDriver\opencartTN\master.xml"
07:47:56.423 [main] INFO  org.testng.internal.Utils - [TestNG] Running:
  C:\Automation\MyWorkSpaces\SeleniumWebDriver\opencartTN\master.xml

07:48:00.879 [main] INFO  testCases.TC001_AccountRegistrationTest - ***** Starting TC001_AccountRegistrationTest *****
07:48:01.022 [main] INFO  testCases.TC001_AccountRegistrationTest - Clicked on My Account link...
07:48:02.018 [main] INFO  testCases.TC001_AccountRegistrationTest - Clicked on Register link...
07:48:02.031 [main] INFO  testCases.TC001_AccountRegistrationTest - Providing Customer Details...
07:48:05.355 [main] INFO  testCases.TC001_AccountRegistrationTest - Validating Expected Message...
07:48:05.433 [main] INFO  testCases.TC001_AccountRegistrationTest - Test passed...
07:48:05.433 [main] INFO  testCases.TC001_AccountRegistrationTest - ***** Finished TC001_AccountRegistrationTest *****
07:48:07.867 [main] INFO  testCases.TC002_LoginTest - ***** Starting TC002_LoginTest *****
07:48:09.676 [main] INFO  testCases.TC002_LoginTest - ***** Finished TC002_LoginTest *****
07:48:29.341 [main] DEBUG org.testng.TestNG - suiteXmlPath: "C:\Automation\MyWorkSpaces\SeleniumWebDriver\opencartTN\grouping.xml"
07:48:29.717 [main] INFO  org.testng.internal.Utils - [TestNG] Running:
  C:\Automation\MyWorkSpaces\SeleniumWebDriver\opencartTN\grouping.xml

07:48:32.573 [main] INFO  testCases.TC001_AccountRegistrationTest - ***** Starting TC001_AccountRegistrationTest *****
07:48:32.719 [main] INFO  testCases.TC001_AccountRegistrationTest - Clicked on My Account link...
07:48:33.195 [main] INFO  testCases.TC001_AccountRegistrationTest - Clicked on Register link...
07:48:33.202 [main] INFO  testCases.TC001_AccountRegistrationTest - Providing Customer Details...
07:48:35.218 [main] INFO  testCases.TC001_AccountRegistrationTest - Validating Expected Message...
07:48:35.270 [main] INFO  testCases.TC001_AccountRegistrationTest - Test passed...
07:48:35.270 [main] INFO  testCases.TC001_AccountRegistrationTest - ***** Finished TC001_AccountRegistrationTest *****
07:48:37.762 [main] INFO  testCases.TC002_LoginTest - ***** Starting TC002_LoginTest *****
07:48:39.490 [main] INFO  testCases.TC002_LoginTest - ***** Finished TC002_LoginTest *****
07:49:01.421 [main] DEBUG org.testng.TestNG - suiteXmlPath: "C:\Automation\MyWorkSpaces\SeleniumWebDriver\opencartTN\crossbrowsertesting.xml"
07:49:01.749 [main] INFO  org.testng.internal.Utils - [TestNG] Running:
  C:\Automation\MyWorkSpaces\SeleniumWebDriver\opencartTN\crossbrowsertesting.xml

07:49:05.520 [TestNG-tests-2] INFO  testCases.TC001_AccountRegistrationTest - ***** Starting TC001_AccountRegistrationTest *****
07:49:05.520 [TestNG-tests-1] INFO  testCases.TC001_AccountRegistrationTest - ***** Starting TC001_AccountRegistrationTest *****
07:49:05.849 [TestNG-tests-1] INFO  testCases.TC001_AccountRegistrationTest - Clicked on My Account link...
07:49:05.984 [TestNG-tests-2] INFO  testCases.TC001_AccountRegistrationTest - Clicked on My Account link...
07:49:10.657 [TestNG-tests-3] INFO  testCases.TC001_AccountRegistrationTest - ***** Starting TC001_AccountRegistrationTest *****
07:49:10.826 [TestNG-tests-3] INFO  testCases.TC001_AccountRegistrationTest - Clicked on My Account link...
07:49:11.456 [TestNG-tests-3] INFO  testCases.TC001_AccountRegistrationTest - Clicked on Register link...
07:49:11.461 [TestNG-tests-3] INFO  testCases.TC001_AccountRegistrationTest - Providing Customer Details...
07:49:14.375 [TestNG-tests-3] INFO  testCases.TC001_AccountRegistrationTest - Validating Expected Message...
07:49:14.428 [TestNG-tests-3] INFO  testCases.TC001_AccountRegistrationTest - Test passed...
07:49:14.428 [TestNG-tests-3] INFO  testCases.TC001_AccountRegistrationTest - ***** Finished TC001_AccountRegistrationTest *****
07:50:28.757 [main] DEBUG org.testng.TestNG - suiteXmlPath: "C:\Automation\MyWorkSpaces\SeleniumWebDriver\opencartTN\test-output\testng-failed.xml"
07:50:29.071 [main] INFO  org.testng.internal.Utils - [TestNG] Running:
  C:\Automation\MyWorkSpaces\SeleniumWebDriver\opencartTN\test-output\testng-failed.xml

07:50:32.264 [TestNG-tests-1] INFO  testCases.TC001_AccountRegistrationTest - ***** Starting TC001_AccountRegistrationTest *****
07:50:32.401 [TestNG-tests-1] INFO  testCases.TC001_AccountRegistrationTest - Clicked on My Account link...
