13:50:32.288 [main] DEBUG org.testng.TestNG - suiteXmlPath: "C:\Automation\MyWorkSpaces\SeleniumWebDriver\opencartTN\crossbrowsertesting.xml"
13:50:32.540 [main] INFO  org.testng.internal.Utils - [TestNG] Running:
  C:\Automation\MyWorkSpaces\SeleniumWebDriver\opencartTN\crossbrowsertesting.xml

13:50:35.919 [TestNG-tests-2] INFO  testCases.TC001_AccountRegistrationTest - ***** Starting TC001_AccountRegistrationTest *****
13:50:36.718 [TestNG-tests-1] INFO  testCases.TC001_AccountRegistrationTest - ***** Starting TC001_AccountRegistrationTest *****
13:50:36.895 [TestNG-tests-2] INFO  testCases.TC001_AccountRegistrationTest - Clicked on My Account link...
13:50:36.969 [TestNG-tests-1] INFO  testCases.TC001_AccountRegistrationTest - Clicked on My Account link...
13:50:41.486 [TestNG-tests-3] INFO  testCases.TC001_AccountRegistrationTest - ***** Starting TC001_AccountRegistrationTest *****
13:50:41.732 [TestNG-tests-3] INFO  testCases.TC001_AccountRegistrationTest - Clicked on My Account link...
13:50:42.503 [TestNG-tests-3] INFO  testCases.TC001_AccountRegistrationTest - Clicked on Register link...
13:50:42.511 [TestNG-tests-3] INFO  testCases.TC001_AccountRegistrationTest - Providing Customer Details...
13:50:44.377 [TestNG-tests-3] INFO  testCases.TC001_AccountRegistrationTest - Validating Expected Message...
13:50:44.402 [TestNG-tests-3] INFO  testCases.TC001_AccountRegistrationTest - Test passed...
13:50:44.402 [TestNG-tests-3] INFO  testCases.TC001_AccountRegistrationTest - ***** Finished TC001_AccountRegistrationTest *****
13:51:44.729 [main] DEBUG org.testng.TestNG - suiteXmlPath: "C:\Automation\MyWorkSpaces\SeleniumWebDriver\opencartTN\grouping.xml"
13:51:44.953 [main] INFO  org.testng.internal.Utils - [TestNG] Running:
  C:\Automation\MyWorkSpaces\SeleniumWebDriver\opencartTN\grouping.xml

13:51:47.500 [main] INFO  testCases.TC001_AccountRegistrationTest - ***** Starting TC001_AccountRegistrationTest *****
13:51:47.599 [main] INFO  testCases.TC001_AccountRegistrationTest - Clicked on My Account link...
13:51:47.997 [main] INFO  testCases.TC001_AccountRegistrationTest - Clicked on Register link...
13:51:48.002 [main] INFO  testCases.TC001_AccountRegistrationTest - Providing Customer Details...
13:51:49.527 [main] INFO  testCases.TC001_AccountRegistrationTest - Validating Expected Message...
13:51:49.553 [main] INFO  testCases.TC001_AccountRegistrationTest - Test passed...
13:51:49.553 [main] INFO  testCases.TC001_AccountRegistrationTest - ***** Finished TC001_AccountRegistrationTest *****
13:51:51.539 [main] INFO  testCases.TC002_LoginTest - ***** Starting TC002_LoginTest *****
13:51:53.208 [main] INFO  testCases.TC002_LoginTest - ***** Finished TC002_LoginTest *****
13:52:37.724 [main] DEBUG org.testng.TestNG - suiteXmlPath: "C:\Automation\MyWorkSpaces\SeleniumWebDriver\opencartTN\master.xml"
13:52:37.948 [main] INFO  org.testng.internal.Utils - [TestNG] Running:
  C:\Automation\MyWorkSpaces\SeleniumWebDriver\opencartTN\master.xml

13:52:40.349 [main] INFO  testCases.TC001_AccountRegistrationTest - ***** Starting TC001_AccountRegistrationTest *****
13:52:40.444 [main] INFO  testCases.TC001_AccountRegistrationTest - Clicked on My Account link...
13:52:40.878 [main] INFO  testCases.TC001_AccountRegistrationTest - Clicked on Register link...
13:52:40.882 [main] INFO  testCases.TC001_AccountRegistrationTest - Providing Customer Details...
13:52:42.426 [main] INFO  testCases.TC001_AccountRegistrationTest - Validating Expected Message...
13:52:42.456 [main] INFO  testCases.TC001_AccountRegistrationTest - Test passed...
13:52:42.456 [main] INFO  testCases.TC001_AccountRegistrationTest - ***** Finished TC001_AccountRegistrationTest *****
13:52:44.381 [main] INFO  testCases.TC002_LoginTest - ***** Starting TC002_LoginTest *****
13:52:45.859 [main] INFO  testCases.TC002_LoginTest - ***** Finished TC002_LoginTest *****
13:56:05.720 [main] DEBUG org.testng.TestNG - suiteXmlPath: "C:\Automation\MyWorkSpaces\SeleniumWebDriver\opencartTN\crossbrowsertesting.xml"
13:56:05.945 [main] INFO  org.testng.internal.Utils - [TestNG] Running:
  C:\Automation\MyWorkSpaces\SeleniumWebDriver\opencartTN\crossbrowsertesting.xml

13:56:09.276 [TestNG-tests-2] INFO  testCases.TC002_LoginTest - ***** Starting TC002_LoginTest *****
13:56:09.492 [TestNG-tests-1] INFO  testCases.TC002_LoginTest - ***** Starting TC002_LoginTest *****
13:56:14.117 [TestNG-tests-3] INFO  testCases.TC002_LoginTest - ***** Starting TC002_LoginTest *****
13:56:16.700 [TestNG-tests-3] INFO  testCases.TC002_LoginTest - ***** Finished TC002_LoginTest *****
13:59:16.792 [main] DEBUG org.testng.TestNG - suiteXmlPath: "C:\Automation\MyWorkSpaces\SeleniumWebDriver\opencartTN\crossbrowsertesting.xml"
13:59:17.024 [main] INFO  org.testng.internal.Utils - [TestNG] Running:
  C:\Automation\MyWorkSpaces\SeleniumWebDriver\opencartTN\crossbrowsertesting.xml

13:59:20.471 [TestNG-tests-2] INFO  testCases.TC002_LoginTest - ***** Starting TC002_LoginTest *****
