18:39:03.019 [main] INFO  org.testng.internal.Utils - [TestNG] Running:
  C:\Automation\MyWorkSpaces\SeleniumWebDriver\opencartTN\master.xml

18:39:05.624 [main] INFO  testCases.TC001_AccountRegistrationTest - ***** Starting TC001_AccountRegistrationTest *****
18:39:05.717 [main] INFO  testCases.TC001_AccountRegistrationTest - Clicked on My Account link...
18:39:06.190 [main] INFO  testCases.TC001_AccountRegistrationTest - Clicked on Register link...
18:39:06.194 [main] INFO  testCases.TC001_AccountRegistrationTest - Providing Customer Details...
18:39:08.633 [main] INFO  testCases.TC001_AccountRegistrationTest - Validating Expected Message...
18:39:18.703 [main] ERROR testCases.TC001_AccountRegistrationTest - Test failed...
18:39:18.703 [main] DEBUG testCases.TC001_AccountRegistrationTest - Debug logs...
18:39:20.849 [main] INFO  testCases.TC002_LoginTest - ***** Starting TC002_LoginTest *****
18:39:22.561 [main] INFO  testCases.TC002_LoginTest - ***** Finished TC002_LoginTest *****
18:41:33.331 [main] DEBUG org.testng.TestNG - suiteXmlPath: "C:\Automation\MyWorkSpaces\SeleniumWebDriver\opencartTN\master.xml"
18:41:33.551 [main] INFO  org.testng.internal.Utils - [TestNG] Running:
  C:\Automation\MyWorkSpaces\SeleniumWebDriver\opencartTN\master.xml

18:41:35.893 [main] INFO  testCases.TC001_AccountRegistrationTest - ***** Starting TC001_AccountRegistrationTest *****
18:41:35.980 [main] INFO  testCases.TC001_AccountRegistrationTest - Clicked on My Account link...
18:41:36.449 [main] INFO  testCases.TC001_AccountRegistrationTest - Clicked on Register link...
18:41:36.453 [main] INFO  testCases.TC001_AccountRegistrationTest - Providing Customer Details...
18:41:38.854 [main] INFO  testCases.TC001_AccountRegistrationTest - Validating Expected Message...
18:41:48.904 [main] ERROR testCases.TC001_AccountRegistrationTest - Test failed...
18:41:48.904 [main] DEBUG testCases.TC001_AccountRegistrationTest - Debug logs...
18:41:50.993 [main] INFO  testCases.TC002_LoginTest - ***** Starting TC002_LoginTest *****
18:43:54.323 [main] DEBUG org.testng.TestNG - suiteXmlPath: "C:\Automation\MyWorkSpaces\SeleniumWebDriver\opencartTN\test-output\testng-failed.xml"
18:43:54.545 [main] INFO  org.testng.internal.Utils - [TestNG] Running:
  C:\Automation\MyWorkSpaces\SeleniumWebDriver\opencartTN\test-output\testng-failed.xml

18:43:56.894 [main] INFO  testCases.TC002_LoginTest - ***** Starting TC002_LoginTest *****
18:43:59.155 [main] INFO  testCases.TC002_LoginTest - ***** Finished TC002_LoginTest *****
18:44:01.203 [main] INFO  testCases.TC001_AccountRegistrationTest - ***** Starting TC001_AccountRegistrationTest *****
18:44:01.319 [main] INFO  testCases.TC001_AccountRegistrationTest - Clicked on My Account link...
18:44:01.806 [main] INFO  testCases.TC001_AccountRegistrationTest - Clicked on Register link...
18:44:01.808 [main] INFO  testCases.TC001_AccountRegistrationTest - Providing Customer Details...
18:44:03.661 [main] INFO  testCases.TC001_AccountRegistrationTest - Validating Expected Message...
18:44:03.688 [main] INFO  testCases.TC001_AccountRegistrationTest - Test passed...
18:44:03.688 [main] INFO  testCases.TC001_AccountRegistrationTest - ***** Finished TC001_AccountRegistrationTest *****
07:19:11.258 [main] DEBUG org.testng.TestNG - suiteXmlPath: "C:\Automation\MyWorkSpaces\SeleniumWebDriver\opencartTN\master.xml"
07:19:11.692 [main] INFO  org.testng.internal.Utils - [TestNG] Running:
  C:\Automation\MyWorkSpaces\SeleniumWebDriver\opencartTN\master.xml

07:19:19.027 [main] INFO  testCases.TC001_AccountRegistrationTest - ***** Starting TC001_AccountRegistrationTest *****
07:19:19.175 [main] INFO  testCases.TC001_AccountRegistrationTest - Clicked on My Account link...
07:19:19.767 [main] INFO  testCases.TC001_AccountRegistrationTest - Clicked on Register link...
07:19:19.811 [main] INFO  testCases.TC001_AccountRegistrationTest - Providing Customer Details...
07:19:23.214 [main] INFO  testCases.TC001_AccountRegistrationTest - Validating Expected Message...
07:19:23.276 [main] INFO  testCases.TC001_AccountRegistrationTest - Test passed...
07:19:23.276 [main] INFO  testCases.TC001_AccountRegistrationTest - ***** Finished TC001_AccountRegistrationTest *****
07:19:26.054 [main] INFO  testCases.TC002_LoginTest - ***** Starting TC002_LoginTest *****
07:19:28.193 [main] INFO  testCases.TC002_LoginTest - ***** Finished TC002_LoginTest *****
07:20:40.529 [main] DEBUG org.testng.TestNG - suiteXmlPath: "C:\Automation\MyWorkSpaces\SeleniumWebDriver\opencartTN\master.xml"
07:20:40.856 [main] INFO  org.testng.internal.Utils - [TestNG] Running:
  C:\Automation\MyWorkSpaces\SeleniumWebDriver\opencartTN\master.xml

07:20:44.636 [main] INFO  testCases.TC001_AccountRegistrationTest - ***** Starting TC001_AccountRegistrationTest *****
07:20:44.786 [main] INFO  testCases.TC001_AccountRegistrationTest - Clicked on My Account link...
07:20:45.274 [main] INFO  testCases.TC001_AccountRegistrationTest - Clicked on Register link...
